../Core/Src/lcd.c:10:6:Delay	16	static
../Core/Src/lcd.c:12:6:LCD_INIT	16	static
../Core/Src/lcd.c:22:6:LCD_Rst	8	static
../Core/Src/lcd.c:31:6:LCD_BackLed_Control	16	static
../Core/Src/lcd.c:40:6:LCD_Write_Cmd	16	static
../Core/Src/lcd.c:47:6:LCD_Write_Data	16	static
../Core/Src/lcd.c:53:10:LCD_Read_Data	4	static
../Core/Src/lcd.c:59:6:LCD_REG_Config	8	static
../Core/Src/lcd.c:222:6:LCD_OpenWindow	24	static
../Core/Src/lcd.c:239:6:LCD_FillColor	24	static
../Core/Src/lcd.c:252:6:LCD_Clear	24	static
../Core/Src/lcd.c:261:10:LCD_Read_PixelData	16	static
../Core/Src/lcd.c:280:10:LCD_GetPointPixel	24	static
../Core/Src/lcd.c:293:6:LCD_DrawLine	64	static
../Core/Src/lcd.c:365:6:LCD_DrawChar	24	static
../Core/Src/lcd.c:397:6:LCD_DrawString	16	static
../Core/Src/lcd.c:424:6:LCD_DrawDot	16	static
../Core/Src/lcd.c:436:6:LCD_DrawEllipse	64	static
